// Jest Snapshot v1, https://goo.gl/fbAQLP

exports[`astToSchema() Schema ./__testSchema__ schema 1`] = `
"# Provides default value for input field.
directive @default(value: JSON!) on INPUT_FIELD_DEFINITION

# The \`JSON\` scalar type represents JSON values as specified by [ECMA-404](http://www.ecma-international.org/publications/files/ECMA-ST/ECMA-404.pdf).
scalar JSON

type Mutation {
  logs: MutationLogs
  auth: MutationAuth
  user: MutationUser
}

type MutationAuth {
  login: Boolean
  logout: Boolean
  nested: MutationAuthNested
}

type MutationAuthNested {
  method: Boolean
}

type MutationLogs {
  nested: MutationLogsNested
}

type MutationLogsNested {
  list: Boolean
}

type MutationUser {
  create: Boolean
  update: Boolean
}

type Query {
  field: String
  me(arg: Int): QueryMe
  some: QuerySome
  user: UserAwesomeType
  auth: QueryAuth
}

type QueryAuth {
  isLoggedIn: Boolean
  nested: QueryAuthNested
}

type QueryAuthNested {
  method: Boolean
}

type QueryMe {
  address: QueryMeAddress
  name: String
}

type QueryMeAddress {
  city: Boolean
  street: Boolean
}

type QuerySome {
  index: SomeIndexFileType
  nested: Int
}

type SomeIndexFileType {
  awesomeValue: String
}

type UserAwesomeType {
  firstName: String
  lastName: String
  extendedData: UserExtendedData
  roles: [String]
}

type UserExtendedData {
  starsCount: Int
}
"
`;
